src/components/dashboard/procurement-table.tsx(780,51): error TS2345: Argument of type '{ masterSupplierId: number | null; expectedDeliveryDate: Date | null; orderDate: Date | null; id: number; supplierName: string; materialType: string; deliveryStatus: string | null; notes: string | null; }' is not assignable to parameter of type '{ supplierName?: string | undefined; masterSupplierId?: number | null | undefined; materialType?: string | undefined; orderDate?: Date | null | undefined; expectedDeliveryDate?: Date | ... 1 more ... | undefined; deliveryStatus?: string | undefined; notes?: string | undefined; }'.
  Types of property 'deliveryStatus' are incompatible.
    Type 'string | null' is not assignable to type 'string | undefined'.
      Type 'null' is not assignable to type 'string | undefined'.
src/components/dashboard/procurement-table.tsx(936,68): error TS2322: Type '{ checked: boolean; onCheckedChange: () => void; }' is not assignable to type 'IntrinsicAttributes & CheckboxProps'.
  Property 'onCheckedChange' does not exist on type 'IntrinsicAttributes & CheckboxProps'.
